// Jest Snapshot v1, https://goo.gl/fbAQLP

exports[`renders correctly 1`] = `
<Container>
  <Content
    padder={true}
    style={
      Object {
        "paddingTop": 20,
      }
    }
  >
    <Logo />
    <List
      dataArray={
        Array [
          Object {
            "callback": [Function],
            "icon": <Icon
              name="list"
              style={
                Object {
                  "marginRight": 2,
                  "textAlign": "center",
                  "width": 30,
                }
              }
              type="FontAwesome"
            />,
            "name": "My Lists",
          },
          Object {
            "callback": [Function],
            "icon": <Icon
              name="user"
              style={
                Object {
                  "marginRight": 2,
                  "textAlign": "center",
                  "width": 30,
                }
              }
              type="FontAwesome"
            />,
            "name": "Settings",
          },
          Object {
            "callback": [Function],
            "icon": <Icon
              name="sign-out"
              style={
                Object {
                  "marginRight": 2,
                  "textAlign": "center",
                  "width": 30,
                }
              }
              type="FontAwesome"
            />,
            "name": "Logout",
          },
        ]
      }
      renderRow={[Function]}
    />
  </Content>
</Container>
`;
