// Jest Snapshot v1, https://goo.gl/fbAQLP

exports[`renders correctly 1`] = `
<div
  className="example-wrapper"
>
  <div
    className="example-login-wrapper"
  >
    <h1>
      Hello, 
      Test
    </h1>
    <form
      action="/logout"
      className=""
      method="POST"
    >
      <input
        className="form-control"
        name="username"
        type="hidden"
        value="null"
      />
      <button
        className="btn btn-danger"
        disabled={false}
        type="submit"
      >
        ShareForm
      </button>
    </form>
  </div>
</div>
`;
