// Jest Snapshot v1, https://goo.gl/fbAQLP

exports[`Read-model projection API Delete and find in table 1`] = `
Object {
  "args": Object {
    "x": 1,
    "y": 2,
  },
  "simpleFind": Array [
    Object {
      "firstJsonName": Object {
        "a": 1,
        "b": 2,
        "e": 10,
      },
    },
  ],
}
`;

exports[`Read-model projection API Insert and find in table 1`] = `
Object {
  "args": Object {
    "x": 1,
    "y": 2,
  },
  "simpleFind": Array [
    Object {
      "firstJsonName": Object {
        "a": 1,
        "b": 2,
        "e": 10,
      },
    },
  ],
}
`;

exports[`Read-model projection API Update and find in table 1`] = `
Object {
  "args": Object {
    "x": 1,
    "y": 2,
  },
  "simpleFind": Array [
    Object {
      "firstJsonName": Object {
        "a": 1,
        "b": 2,
        "e": 10,
      },
    },
  ],
}
`;

exports[`Read-model projection API Upsert and find in table 1`] = `
Object {
  "args": Object {
    "x": 1,
    "y": 2,
  },
  "simpleFind": Array [
    Object {
      "firstJsonName": Object {
        "a": 1,
        "b": 2,
        "e": 10,
      },
    },
  ],
}
`;
