// Jest Snapshot v1, https://goo.gl/fbAQLP

exports[`renders correctly 1`] = `
<div
  className="example-wrapper"
>
  <h1>
    Task's List
  </h1>
  <ul
    className="example-list list-group"
  >
    <li
      className="list-group-item"
    >
      <label
        className="checkbox-inline"
        title=""
      >
        <input
          checked={true}
          disabled={false}
          onChange={[Function]}
          type="checkbox"
        />
        text1
      </label>
      <img
        className="example-close-button"
        onClick={[Function]}
        src="/close-button.png"
      />
    </li>
    <li
      className="list-group-item"
    >
      <label
        className="checkbox-inline"
        title=""
      >
        <input
          checked={false}
          disabled={false}
          onChange={[Function]}
          type="checkbox"
        />
        text2
      </label>
      <img
        className="example-close-button"
        onClick={[Function]}
        src="/close-button.png"
      />
    </li>
  </ul>
  <form
    className="example-form form-inline"
  >
    <input
      className="example-form-control form-control"
      onKeyPress={[Function]}
      placeholder="New Task"
      type="text"
    />
    <button
      className="example-button btn btn-success"
      disabled={false}
      onClick={[Function]}
      type="button"
    >
      Add Task
    </button>
  </form>
</div>
`;
