// Jest Snapshot v1, https://goo.gl/fbAQLP

exports[`renders correctly 1`] = `
<div>
  <nav
    className="navbar navbar-expand-md navbar-light bg-light"
  >
    <a
      className="mr-auto navbar-brand"
      href="/"
    >
      <img
        alt="resolve-logo"
        src="undefined/resolve-logo.png"
      />
      Hello World TypeScript
    </a>
    <ul
      className="navbar-nav"
    >
      <li
        className="nav-item"
      >
        <a
          className="nav-link"
          href="https://facebook.com/resolvejs/"
          onClick={[Function]}
        >
          <img
            alt="fb-logo"
            src="undefined/fb-logo.png"
          />
        </a>
      </li>
      <li
        className="nav-item"
      >
        <a
          className="nav-link"
          href="https://twitter.com/resolvejs"
          onClick={[Function]}
        >
          <img
            alt="twitter-logo"
            src="undefined/twitter-logo.png"
          />
        </a>
      </li>
      <li
        className="nav-item"
      >
        <a
          className="nav-link"
          href="https://github.com/reimagined/resolve"
          onClick={[Function]}
        >
          <img
            alt="github-logo"
            src="undefined/github-logo.png"
          />
        </a>
      </li>
    </ul>
  </nav>
  <h1
    style={
      Object {
        "textAlign": "center",
      }
    }
  >
    Hello, reSolve world!
  </h1>
</div>
`;
