// Jest Snapshot v1, https://goo.gl/fbAQLP

exports[`renders correctly 1`] = `
<NavbarHeader>
  <NavbarBrand>
    <Image
      bsClass="img"
      circle={false}
      className="example-icon"
      responsive={false}
      rounded={false}
      src="static/resolve-logo.png"
      thumbnail={false}
    />
    Shopping List
  </NavbarBrand>
  <NavbarToggle />
</NavbarHeader>
`;
