// Jest Snapshot v1, https://goo.gl/fbAQLP

exports[`renders correctly 1`] = `
<ul
  className="list-group"
  style={
    Object {
      "margin": "auto",
      "maxWidth": "500px",
    }
  }
>
  <li
    className="list-group-item"
  >
    <label
      className="checkbox-inline"
      title=""
    >
      <input
        disabled={false}
        type="checkbox"
      />
      text
    </label>
  </li>
</ul>
`;
